[{"id":1,"name":"Music","createdAt":"2024-01-24 00:00:00"}]